// Jest Snapshot v1, https://goo.gl/fbAQLP

exports[`Testing TodoAdd should display the component correctly 1`] = `
<form
  className="mb-3"
>
  <div
    className="row"
  >
    <div
      className="col-8"
    >
      <div
        className="input-group mb-3"
      >
        <span
          className="input-group-text"
          id="basic-addon1"
        >
          Description
        </span>
        <input
          aria-describedby="basic-addon1"
          aria-label="Description"
          autoComplete="off"
          className="form-control"
          name="description"
          onChange={[Function]}
          type="text"
          value=""
        />
      </div>
    </div>
    <div
      className="col-2"
    >
      <button
        className="btn btn-success btn-block"
        onClick={[Function]}
        type="submit"
      >
        Add
      </button>
    </div>
  </div>
</form>
`;
