// Jest Snapshot v1, https://goo.gl/fbAQLP

exports[`Testing HomeScreen should display the component correctly 1`] = `
<div>
  <h1>
    Home
  </h1>
  <hr />
  <pre>
    {
   "name": "Raul",
   "email": "rr@gmail.com"
}
  </pre>
</div>
`;
